{
  "inboundHeaders": [
    {
      "key": "x-requests-id",
      "value": "test"
    }
  ]
}
